// Jest Snapshot v1, https://goo.gl/fbAQLP

exports[`Layour snapshot - shallow 1`] = `
<BrowserRouter>
  <Memo(Header) />
  <main>
    <Switch>
      <Route
        path="/signIn"
      >
        <Memo(SignIn) />
      </Route>
      <Route
        path="/register"
      >
        <Memo(Register) />
      </Route>
      <Route
        exact={true}
        path="/"
      >
        <Memo(Home) />
      </Route>
    </Switch>
  </main>
  <Memo(NewsletterForm) />
  <Memo(Footer) />
</BrowserRouter>
`;
